
> frontend@0.0.0 build
> vite build

[36mvite v4.4.9 [32mbuilding for production...[36m[39m
transforming...
(node:6924) [MODULE_TYPELESS_PACKAGE_JSON] Warning: Module type of file:///C:/Users/K%20CHAITHANYA/Downloads/Student_Academics_Management_System/frontend/postcss.config.js is not specified and it doesn't parse as CommonJS.
Reparsing as ES module because module syntax was detected. This incurs a performance overhead.
To eliminate this warning, add "type": "module" to C:\Users\K CHAITHANYA\Downloads\Student_Academics_Management_System\frontend\package.json.
(Use `node --trace-warnings ...` to show where the warning was created)
[32m✓[39m 23 modules transformed.
[32m✓ built in 783ms[39m
[31m[vite:css] [postcss] It looks like you're trying to use `tailwindcss` directly as a PostCSS plugin. The PostCSS plugin has moved to a separate package, so to continue using Tailwind CSS with PostCSS you'll need to install `@tailwindcss/postcss` and update your PostCSS configuration.[39m
file: [36mC:/Users/K CHAITHANYA/Downloads/Student_Academics_Management_System/frontend/src/styles/login.css:undefined:undefined[39m
[31merror during build:
Error: [postcss] It looks like you're trying to use `tailwindcss` directly as a PostCSS plugin. The PostCSS plugin has moved to a separate package, so to continue using Tailwind CSS with PostCSS you'll need to install `@tailwindcss/postcss` and update your PostCSS configuration.
    at at (C:\Users\K CHAITHANYA\Downloads\Student_Academics_Management_System\frontend\node_modules\tailwindcss\dist\lib.js:38:1643)
    at LazyResult.runOnRoot (C:\Users\K CHAITHANYA\Downloads\Student_Academics_Management_System\frontend\node_modules\postcss\lib\lazy-result.js:361:16)
    at LazyResult.runAsync (C:\Users\K CHAITHANYA\Downloads\Student_Academics_Management_System\frontend\node_modules\postcss\lib\lazy-result.js:290:26)
    at LazyResult.async (C:\Users\K CHAITHANYA\Downloads\Student_Academics_Management_System\frontend\node_modules\postcss\lib\lazy-result.js:192:30)
    at LazyResult.then (C:\Users\K CHAITHANYA\Downloads\Student_Academics_Management_System\frontend\node_modules\postcss\lib\lazy-result.js:436:17)[39m
